// Jest Snapshot v1, https://goo.gl/fbAQLP

exports[`renders correctly 1`] = `
<DocumentFragment>
  <div
    class="css-nil ub-box-szg_border-box"
  >
    <div
      class="css-nil ub-dspl_flex ub-box-szg_border-box"
    >
      <div
        class="css-nil ub-dspl_flex ub-algn-itms_center ub-flx_1 ub-box-szg_border-box"
      >
        <input
          aria-invalid="false"
          class="css-5ljhhe ub-color_425A70 ub-fnt-fam_b77syt ub-fnt-sze_12px ub-f-wght_400 ub-ln-ht_16px ub-ltr-spc_0 ub-w_100prcnt ub-h_32px ub-pl_10px ub-pr_10px ub-bblr_3px ub-bbrr_3px ub-btlr_3px ub-btrr_3px ub-box-szg_border-box"
          spellcheck="true"
          type="text"
          value=""
        />
      </div>
    </div>
  </div>
</DocumentFragment>
`;
