// Jest Snapshot v1, https://goo.gl/fbAQLP

exports[`renders panel correctly 1`] = `
<DocumentFragment>
  <div
    class="css-nil ub-min-w_320px ub-box-szg_border-box"
  >
    <div
      class="css-nil ub-b-btm_1px-solid-E4E7EB ub-dspl_flex ub-algn-itms_center ub-just-cnt_center ub-h_60px ub-box-szg_border-box"
    >
      <img
        class="logo"
        src="icons/magnet-256.png"
      />
      <h2
        class="cursor-default ub-mt_0px ub-mb_0px ub-fnt-sze_20px ub-f-wght_bold ub-ln-ht_24px ub-ltr-spc_-0-07px ub-fnt-fam_wm9v6k ub-color_234361 ub-box-szg_border-box"
      >
        appName
      </h2>
    </div>
    <div
      class="css-nil ub-dspl_flex ub-pb_20px ub-pl_16px ub-pr_16px ub-pt_20px ub-flx-drct_inherit ub-box-szg_border-box"
    >
      <div
        class="css-nil ub-dspl_flex ub-algn-itms_center ub-flx_1 ub-box-szg_border-box"
      >
        <span
          class="cursor-default ub-color_425A70 ub-fnt-fam_b77syt ub-fnt-sze_14px ub-f-wght_400 ub-ln-ht_20px ub-ltr-spc_-0-05px ub-box-szg_border-box"
        >
          status
        </span>
      </div>
      <div
        class="css-nil ub-dspl_flex ub-algn-itms_center ub-mr_0px ub-box-szg_border-box"
      >
        <label
          class="ub-dspl_block ub-w_48px ub-pst_relative ub-box-szg_border-box"
        >
          <input
            checked=""
            class="css-17gzcr6 ub-box-szg_border-box"
            type="checkbox"
          />
          <div
            class="ub-h_24px ub-w_48px ub-box-szg_border-box"
          >
            <div
              class="css-17bhmw6 ub-h_24px ub-w_24px ub-box-szg_border-box"
              data-checked="true"
            >
              <svg
                height="9"
                viewBox="0 0 10 7"
                width="10"
              >
                <path
                  d="M4 4.586L1.707 2.293A1 1 0 1 0 .293 3.707l3 3a.997.997 0 0 0 1.414 0l5-5A1 1 0 1 0 8.293.293L4 4.586z"
                  fill="currentColor"
                  fill-rule="evenodd"
                />
              </svg>
            </div>
            <div
              class="css-1rprxtl ub-w_48px ub-dspl_flex ub-box-szg_border-box"
              data-checked="true"
            >
              <div
                class="ub-flx_1 ub-pb_2px ub-pl_2px ub-pr_2px ub-pt_2px ub-box-szg_border-box"
              >
                <div
                  class="css-13qcn8a ub-w_20px ub-h_20px ub-box-szg_border-box"
                />
              </div>
            </div>
          </div>
        </label>
      </div>
    </div>
    <div
      class="css-nil ub-dspl_flex ub-pb_20px ub-pl_16px ub-pr_16px ub-box-szg_border-box"
    >
      <div
        class="css-nil ub-dspl_flex ub-algn-itms_center ub-flx_1 ub-box-szg_border-box"
      >
        <span
          class="cursor-default ub-color_425A70 ub-fnt-fam_b77syt ub-fnt-sze_14px ub-f-wght_400 ub-ln-ht_20px ub-ltr-spc_-0-05px ub-box-szg_border-box"
        >
          mode
        </span>
      </div>
      <div
        class="css-nil ub-dspl_flex ub-algn-itms_center ub-box-szg_border-box"
      >
        <div
          class="custom-segmented-control ub-dspl_flex ub-mr_-1px ub-h_32px ub-w_200px ub-box-szg_border-box"
        >
          <div
            class="css-3grw6g css-4b8qak ub-btlr_3px ub-bblr_3px ub-box-szg_border-box"
            data-active="true"
          >
            <input
              checked=""
              class="css-87b09r"
              id="SegmentedControl-10"
              name="mode"
              type="radio"
              value="blacklist"
            />
            <label
              class="css-17kak1e ub-color_425A70 ub-fnt-fam_b77syt ub-fnt-sze_12px ub-f-wght_500 ub-ln-ht_16px ub-ltr-spc_0 ub-crsr_pointer ub-box-szg_border-box"
              for="SegmentedControl-10"
            >
              blacklist
            </label>
          </div>
          <div
            class="css-3grw6g css-4b8qak ub-btrr_3px ub-bbrr_3px ub-box-szg_border-box"
            data-active="false"
          >
            <input
              class="css-87b09r"
              id="SegmentedControl-11"
              name="mode"
              type="radio"
              value="whitelist"
            />
            <label
              class="css-17kak1e ub-color_425A70 ub-fnt-fam_b77syt ub-fnt-sze_12px ub-f-wght_500 ub-ln-ht_16px ub-ltr-spc_0 ub-crsr_pointer ub-box-szg_border-box"
              for="SegmentedControl-11"
            >
              whitelist
            </label>
          </div>
        </div>
      </div>
    </div>
    <div
      class="css-nil ub-b-top_1px-solid-E4E7EB ub-dspl_flex ub-pl_16px ub-pr_16px ub-pb_10px ub-pt_10px ub-algn-itms_center ub-just-cnt_space-between ub-box-szg_border-box"
    >
      <div
        class="css-nil ub-box-szg_border-box"
      >
        <button
          aria-describedby="evergreen-tooltip-2"
          class="css-1ii3p2c icon-button fill-grey ub-fnt-fam_b77syt ub-mt_0px ub-fnt-sze_12px ub-f-wght_500 ub-ln-ht_32px ub-ltr-spc_0 ub-btrr_3px ub-bbrr_3px ub-btlr_3px ub-bblr_3px ub-pt_0px ub-pb_0px ub-pr_0px ub-pl_0px ub-ml_0px ub-mr_0px ub-mb_0px ub-h_32px ub-pst_relative ub-dspl_flex ub-algn-itms_center ub-flx-wrap_nowrap ub-just-cnt_center ub-w_32px ub-box-szg_border-box"
        >
          <div
            class="ub-dspl_inline-flex ub-box-szg_border-box"
          >
            <svg
              class="ub-w_22px ub-h_22px ub-box-szg_border-box"
              data-icon="cog"
              style="fill: #4E4E50;"
              viewBox="0 0 20 20"
            >
              <path
                d="M19 8h-2.31c-.14-.46-.33-.89-.56-1.3l1.7-1.7a.996.996 0 000-1.41l-1.41-1.41a.996.996 0 00-1.41 0l-1.7 1.7c-.41-.22-.84-.41-1.3-.55V1c0-.55-.45-1-1-1H9c-.55 0-1 .45-1 1v2.33c-.48.14-.94.34-1.37.58L5 2.28a.972.972 0 00-1.36 0L2.28 3.64c-.37.38-.37.99 0 1.36L3.9 6.62c-.24.44-.44.89-.59 1.38H1c-.55 0-1 .45-1 1v2c0 .55.45 1 1 1h2.31c.14.46.33.89.56 1.3L2.17 15a.996.996 0 000 1.41l1.41 1.41c.39.39 1.02.39 1.41 0l1.7-1.7c.41.22.84.41 1.3.55V19c0 .55.45 1 1 1h2c.55 0 1-.45 1-1v-2.33c.48-.14.94-.35 1.37-.59L15 17.72c.37.37.98.37 1.36 0l1.36-1.36c.37-.37.37-.98 0-1.36l-1.62-1.62c.24-.43.45-.89.6-1.38H19c.55 0 1-.45 1-1V9c0-.55-.45-1-1-1zm-9 6c-2.21 0-4-1.79-4-4s1.79-4 4-4 4 1.79 4 4-1.79 4-4 4z"
                fill-rule="evenodd"
              />
            </svg>
          </div>
        </button>
      </div>
      <div
        class="css-nil ub-box-szg_border-box"
      >
        <button
          aria-describedby="evergreen-tooltip-3"
          class="css-1ii3p2c icon-button animated-icon-button fill-green  ub-fnt-fam_b77syt ub-mt_0px ub-fnt-sze_12px ub-f-wght_500 ub-ln-ht_32px ub-ltr-spc_0 ub-btrr_3px ub-bbrr_3px ub-btlr_3px ub-bblr_3px ub-pt_0px ub-pb_0px ub-pr_0px ub-pl_0px ub-ml_0px ub-mr_0px ub-mb_0px ub-h_32px ub-pst_relative ub-dspl_flex ub-algn-itms_center ub-flx-wrap_nowrap ub-just-cnt_center ub-w_32px ub-box-szg_border-box"
        >
          <div
            class="ub-dspl_inline-flex ub-box-szg_border-box"
          >
            <svg
              class="ub-w_26px ub-h_26px ub-box-szg_border-box"
              data-icon="plus"
              style="fill: #47b881;"
              viewBox="0 0 20 20"
            >
              <path
                d="M16 9h-5V4c0-.55-.45-1-1-1s-1 .45-1 1v5H4c-.55 0-1 .45-1 1s.45 1 1 1h5v5c0 .55.45 1 1 1s1-.45 1-1v-5h5c.55 0 1-.45 1-1s-.45-1-1-1z"
                fill-rule="evenodd"
              />
            </svg>
          </div>
        </button>
      </div>
    </div>
  </div>
</DocumentFragment>
`;
