// Jest Snapshot v1, https://goo.gl/fbAQLP

exports[`renders panel correctly 1`] = `
<DocumentFragment>
  <div
    class="ub-min-w_350px ub-box-szg_border-box"
  >
    <div
      class="ub-b-btm_1px-solid-E6E8F0 ub-dspl_flex ub-algn-itms_center ub-just-cnt_center ub-h_62px ub-box-szg_border-box"
    >
      <img
        alt="logo"
        class="logo"
        src="icons/magnet-256.png"
      />
      <h2
        class="cursor-default ub-mt_0px ub-mb_0px ub-color_333 ub-fnt-fam_v92vt9 ub-f-wght_bold ub-fnt-sze_18px ub-ln-ht_24px ub-ltr-spc_-0-07px ub-box-szg_border-box"
      >
        appName
      </h2>
    </div>
    <div
      class="ub-dspl_flex ub-flx-drct_column ub-min-h_115px ub-pl_16px ub-pr_16px ub-pb_20px ub-pt_20px ub-box-szg_border-box"
    >
      <div
        class="ub-dspl_flex ub-box-szg_border-box"
      >
        <div
          class="ub-dspl_flex ub-algn-itms_center ub-flx_1 ub-box-szg_border-box"
        >
          <span
            class="cursor-default ub-fnt-sze_14px ub-f-wght_400 ub-ln-ht_20px ub-ltr-spc_-0-05px ub-fnt-fam_b77syt ub-color_474d66 ub-box-szg_border-box"
          >
            status
          </span>
        </div>
        <div
          class="ub-dspl_flex ub-algn-itms_center ub-mr_0px ub-box-szg_border-box"
        >
          <label
            class="ub-dspl_block ub-w_36px ub-pst_relative ub-box-szg_border-box"
          >
            <input
              class="css-1yog12j ub-b-btm_0 ub-b-lft_0 ub-b-rgt_0 ub-b-top_0 ub-h_1px ub-ovflw-x_hidden ub-ovflw-y_hidden ub-pb_0 ub-pl_0 ub-pr_0 ub-pt_0 ub-pst_absolute ub-wht-spc_nowrap ub-w_1px ub-opct_0 ub-box-szg_border-box"
              type="checkbox"
            />
            <div
              class="ub-h_18px ub-w_36px ub-bblr_9999px ub-bbrr_9999px ub-btlr_9999px ub-btrr_9999px ub-crsr_pointer ub-box-szg_border-box"
            >
              <div
                class="css-17bhmw6 ub-h_18px ub-w_18px ub-box-szg_border-box"
                data-checked="false"
              />
              <div
                class="css-1rprxtl ub-w_36px ub-dspl_flex ub-box-szg_border-box"
                data-checked="false"
              >
                <div
                  class="ub-flx_1 ub-pb_2px ub-pl_2px ub-pr_2px ub-pt_2px ub-box-szg_border-box"
                >
                  <div
                    class="css-13qcn8a ub-w_14px ub-h_14px ub-box-szg_border-box"
                  />
                </div>
              </div>
            </div>
          </label>
        </div>
      </div>
      <div
        class="ub-dspl_flex ub-pt_20px ub-gap_10px ub-box-szg_border-box"
      >
        <div
          class="ub-dspl_flex ub-algn-itms_center ub-flx_1 ub-box-szg_border-box"
        >
          <span
            class="cursor-default ub-fnt-sze_14px ub-f-wght_400 ub-ln-ht_20px ub-ltr-spc_-0-05px ub-fnt-fam_b77syt ub-color_474d66 ub-box-szg_border-box"
          >
            mode
          </span>
        </div>
        <div
          class="ub-dspl_flex ub-algn-itms_center ub-min-w_0px ub-box-szg_border-box"
        >
          <div
            class="css-l6zppx ub-dspl_inline-flex ub-max-w_260px ub-box-szg_border-box"
            role="group"
          >
            <button
              class="css-12b25td ub-pst_relative ub-f-wght_500 ub-dspl_inline-flex ub-algn-itms_center ub-flx-wrap_nowrap ub-just-cnt_center ub-txt-deco_none ub-ver-algn_middle ub-b-btm_1px-solid-c1c4d6 ub-b-lft_1px-solid-c1c4d6 ub-b-rgt_1px-solid-c1c4d6 ub-b-top_1px-solid-c1c4d6 ub-otln_iu2jf4 ub-usr-slct_none ub-crsr_pointer ub-wht-spc_nowrap ub-fnt-fam_b77syt ub-bblr_4px ub-bbrr_4px ub-btlr_4px ub-btrr_4px ub-color_474d66 ub-tstn_n1akt6 ub-h_32px ub-min-w_32px ub-fnt-sze_12px ub-ln-ht_32px ub-pl_16px ub-pr_16px ub-bg-clr_white ub-box-szg_border-box"
              data-checked="false"
            >
              <span
                class="overflow-ellipsis"
              >
                blacklist
              </span>
            </button>
            <button
              class="css-12b25td ub-pst_relative ub-f-wght_500 ub-dspl_inline-flex ub-algn-itms_center ub-flx-wrap_nowrap ub-just-cnt_center ub-txt-deco_none ub-ver-algn_middle ub-b-btm_1px-solid-c1c4d6 ub-b-lft_1px-solid-c1c4d6 ub-b-rgt_1px-solid-c1c4d6 ub-b-top_1px-solid-c1c4d6 ub-otln_iu2jf4 ub-usr-slct_none ub-crsr_pointer ub-wht-spc_nowrap ub-fnt-fam_b77syt ub-bblr_4px ub-bbrr_4px ub-btlr_4px ub-btrr_4px ub-color_474d66 ub-tstn_n1akt6 ub-h_32px ub-min-w_32px ub-fnt-sze_12px ub-ln-ht_32px ub-pl_16px ub-pr_16px ub-bg-clr_white ub-box-szg_border-box"
              data-checked="false"
            >
              <span
                class="overflow-ellipsis"
              >
                whitelist
              </span>
            </button>
            <button
              class="css-elp417 ub-pst_relative ub-f-wght_500 ub-dspl_inline-flex ub-algn-itms_center ub-flx-wrap_nowrap ub-just-cnt_center ub-txt-deco_none ub-ver-algn_middle ub-b-btm_1px-solid-transparent ub-b-lft_1px-solid-transparent ub-b-rgt_1px-solid-transparent ub-b-top_1px-solid-transparent ub-otln_iu2jf4 ub-usr-slct_none ub-crsr_pointer ub-wht-spc_nowrap ub-fnt-fam_b77syt ub-bblr_4px ub-bbrr_4px ub-btlr_4px ub-btrr_4px ub-color_white ub-tstn_n1akt6 ub-h_32px ub-min-w_32px ub-fnt-sze_12px ub-ln-ht_32px ub-pl_16px ub-pr_16px ub-bg-clr_3366FF ub-b-btm-clr_3366FF ub-b-lft-clr_3366FF ub-b-rgt-clr_3366FF ub-b-top-clr_3366FF ub-box-szg_border-box"
              data-checked="true"
            >
              <span
                class="overflow-ellipsis"
              >
                combined
              </span>
            </button>
          </div>
        </div>
      </div>
    </div>
    <div
      class="ub-b-top_1px-solid-E6E8F0 ub-dspl_flex ub-pl_16px ub-pr_16px ub-pb_10px ub-pt_10px ub-algn-itms_center ub-just-cnt_space-between ub-box-szg_border-box"
    >
      <div
        class="ub-dspl_flex ub-gap_10px ub-box-szg_border-box"
      >
        <button
          aria-describedby="evergreen-tooltip-1"
          class="css-1tyjqqv icon-button  ub-pst_relative ub-f-wght_400 ub-dspl_flex ub-algn-itms_center ub-flx-wrap_nowrap ub-just-cnt_center ub-txt-deco_none ub-ver-algn_middle ub-b-btm_1px-solid-transparent ub-b-lft_1px-solid-transparent ub-b-rgt_1px-solid-transparent ub-b-top_1px-solid-transparent ub-otln_iu2jf4 ub-usr-slct_none ub-crsr_pointer ub-wht-spc_nowrap ub-fnt-fam_b77syt ub-bblr_3px ub-bbrr_3px ub-btlr_3px ub-btrr_3px ub-color_474d66 ub-tstn_n1akt6 ub-h_32px ub-min-w_32px ub-fnt-sze_12px ub-ln-ht_16px ub-pl_0 ub-pr_0 ub-bg-clr_transparent ub-pb_0 ub-pt_0 ub-w_32px ub-ltr-spc_0 ub-box-szg_border-box"
        >
          <div
            class="ub-dspl_inline-flex ub-box-szg_border-box"
          >
            <svg
              class="css-1wyorxj ub-w_18px ub-h_18px ub-box-szg_border-box"
              data-icon="cog"
              viewBox="0 0 16 16"
            >
              <path
                d="M15.19 6.39h-1.85c-.11-.37-.27-.71-.45-1.04l1.36-1.36c.31-.31.31-.82 0-1.13l-1.13-1.13a.803.803 0 00-1.13 0l-1.36 1.36c-.33-.17-.67-.33-1.04-.44V.79c0-.44-.36-.8-.8-.8h-1.6c-.44 0-.8.36-.8.8v1.86c-.39.12-.75.28-1.1.47l-1.3-1.3c-.3-.3-.79-.3-1.09 0L1.82 2.91c-.3.3-.3.79 0 1.09l1.3 1.3c-.2.34-.36.7-.48 1.09H.79c-.44 0-.8.36-.8.8v1.6c0 .44.36.8.8.8h1.85c.11.37.27.71.45 1.04l-1.36 1.36c-.31.31-.31.82 0 1.13l1.13 1.13c.31.31.82.31 1.13 0l1.36-1.36c.33.18.67.33 1.04.44v1.86c0 .44.36.8.8.8h1.6c.44 0 .8-.36.8-.8v-1.86c.39-.12.75-.28 1.1-.47l1.3 1.3c.3.3.79.3 1.09 0l1.09-1.09c.3-.3.3-.79 0-1.09l-1.3-1.3c.19-.35.36-.71.48-1.1h1.85c.44 0 .8-.36.8-.8v-1.6a.816.816 0 00-.81-.79zm-7.2 4.6c-1.66 0-3-1.34-3-3s1.34-3 3-3 3 1.34 3 3-1.34 3-3 3z"
                fill-rule="evenodd"
              />
            </svg>
          </div>
        </button>
        <button
          aria-describedby="evergreen-tooltip-2"
          class="css-1tyjqqv icon-button  ub-pst_relative ub-f-wght_400 ub-dspl_flex ub-algn-itms_center ub-flx-wrap_nowrap ub-just-cnt_center ub-txt-deco_none ub-ver-algn_middle ub-b-btm_1px-solid-transparent ub-b-lft_1px-solid-transparent ub-b-rgt_1px-solid-transparent ub-b-top_1px-solid-transparent ub-otln_iu2jf4 ub-usr-slct_none ub-crsr_pointer ub-wht-spc_nowrap ub-fnt-fam_b77syt ub-bblr_3px ub-bbrr_3px ub-btlr_3px ub-btrr_3px ub-color_474d66 ub-tstn_n1akt6 ub-h_32px ub-min-w_32px ub-fnt-sze_12px ub-ln-ht_16px ub-pl_0 ub-pr_0 ub-bg-clr_transparent ub-pb_0 ub-pt_0 ub-w_32px ub-ltr-spc_0 ub-box-szg_border-box"
        >
          <div
            class="ub-dspl_inline-flex ub-box-szg_border-box"
          >
            <svg
              class="css-1wyorxj ub-w_18px ub-h_18px ub-box-szg_border-box"
              data-icon="issue-new"
              viewBox="0 0 16 16"
            >
              <path
                d="M10.568.421c-.01.04-.018.08-.026.121-.837.156-1.53.73-1.85 1.497a6 6 0 105.27 5.273 2.51 2.51 0 001.496-1.854c.04-.008.081-.016.121-.026A8 8 0 1110.568.421zM9 12H7v-2h2v2zm0-3H7V4h2v5zm1-6c0-.55.45-1 1-1h1V1c0-.55.45-1 1-1s1 .45 1 1v1h1c.55 0 1 .45 1 1s-.45 1-1 1h-1v1.005c0 .55-.45 1-1 1s-1-.45-1-1V4h-1c-.55 0-1-.45-1-1z"
                fill-rule="evenodd"
              />
            </svg>
          </div>
        </button>
      </div>
      <div
        class="ub-box-szg_border-box"
      />
    </div>
  </div>
</DocumentFragment>
`;
