// Jest Snapshot v1, https://goo.gl/fbAQLP

exports[`renders correctly 1`] = `
<DocumentFragment>
  <button
    aria-describedby="evergreen-tooltip-1"
    class="css-1ii3p2c icon-button fill-grey ub-fnt-fam_b77syt ub-mt_0px ub-fnt-sze_12px ub-f-wght_500 ub-ln-ht_32px ub-ltr-spc_0 ub-btrr_3px ub-bbrr_3px ub-btlr_3px ub-bblr_3px ub-pt_0px ub-pb_0px ub-pr_0px ub-pl_0px ub-ml_0px ub-mr_0px ub-mb_0px ub-h_32px ub-pst_relative ub-dspl_flex ub-algn-itms_center ub-flx-wrap_nowrap ub-just-cnt_center ub-w_32px ub-box-szg_border-box"
  >
    <div
      class="ub-dspl_inline-flex ub-box-szg_border-box"
    >
      <svg
        class="ub-w_22px ub-h_22px ub-box-szg_border-box"
        data-icon="cog"
        style="fill: #4E4E50;"
        viewBox="0 0 20 20"
      >
        <path
          d="M19 8h-2.31c-.14-.46-.33-.89-.56-1.3l1.7-1.7a.996.996 0 000-1.41l-1.41-1.41a.996.996 0 00-1.41 0l-1.7 1.7c-.41-.22-.84-.41-1.3-.55V1c0-.55-.45-1-1-1H9c-.55 0-1 .45-1 1v2.33c-.48.14-.94.34-1.37.58L5 2.28a.972.972 0 00-1.36 0L2.28 3.64c-.37.38-.37.99 0 1.36L3.9 6.62c-.24.44-.44.89-.59 1.38H1c-.55 0-1 .45-1 1v2c0 .55.45 1 1 1h2.31c.14.46.33.89.56 1.3L2.17 15a.996.996 0 000 1.41l1.41 1.41c.39.39 1.02.39 1.41 0l1.7-1.7c.41.22.84.41 1.3.55V19c0 .55.45 1 1 1h2c.55 0 1-.45 1-1v-2.33c.48-.14.94-.35 1.37-.59L15 17.72c.37.37.98.37 1.36 0l1.36-1.36c.37-.37.37-.98 0-1.36l-1.62-1.62c.24-.43.45-.89.6-1.38H19c.55 0 1-.45 1-1V9c0-.55-.45-1-1-1zm-9 6c-2.21 0-4-1.79-4-4s1.79-4 4-4 4 1.79 4 4-1.79 4-4 4z"
          fill-rule="evenodd"
        />
      </svg>
    </div>
  </button>
</DocumentFragment>
`;
